// Vitest Snapshot v1, https://vitest.dev/guide/snapshot.html

exports[`ServiceCard > Snapshot Tests > matches snapshot for configured published service 1`] = `
"<div data-v-ee47edc8="" data-v-64522201="" class="k-card service-card" aria-label="Open Test Service" role="button" tabindex="0">
  <div data-v-ee47edc8="" class="card-header">
    <div data-v-ee47edc8="" class="card-title">
      <div data-v-64522201="" class="card-header">
        <div data-v-64522201="" class="status-badge"><span data-v-64522201="" class="kui-icon check-small-icon" data-testid="kui-icon-wrapper-check-small-icon" style="box-sizing: border-box; color: rgb(0, 125, 96); display: block; flex-shrink: 0; height: 24px; line-height: 0; width: 24px;"><svg data-testid="kui-icon-svg-check-small-icon" fill="none" height="100%" role="img" viewBox="0 0 24 24" width="100%" xmlns="http://www.w3.org/2000/svg"><path d="M8 14.4L4 10.4L5.4 9L8 11.6L14.6 5L16 6.4L8 14.4Z" fill="currentColor"></path></svg></span><span data-v-64522201="" class="status-text">Published to portal</span></div>
        <div data-v-56e217c6="" data-v-64522201="" class="k-badge info medium">
          <div data-v-56e217c6="" class="badge-content">
            <!---->
            <div data-v-56e217c6="" class="badge-content-wrapper">1 Versions </div>
          </div>
        </div>
      </div>
    </div>
    <!---->
  </div>
  <div data-v-ee47edc8="" class="card-content">
    <div data-v-64522201="" class="card-content">
      <h1 data-v-64522201="" class="service-title">Test Service</h1>
      <p data-v-64522201="" class="service-description">Test Description</p>
    </div>
  </div>
  <div data-v-ee47edc8="" class="card-footer">
    <div data-v-64522201="" class="additional-info">
      <div data-v-64522201="" class="metrics">
        <div data-v-64522201="" class="metric-row">
          <div data-v-c143d92f="" data-v-64522201="" class="metric"><span data-v-c143d92f="" class="dot metric-dot"></span> <span data-v-c143d92f="" class="metric-value">0.5</span><span data-v-c143d92f="" class="metric-label">latency</span></div>
        </div>
        <div data-v-64522201="" class="metric-row">
          <div data-v-c143d92f="" data-v-64522201="" class="metric"><span data-v-c143d92f="" class="dot metric-dot"></span> <span data-v-c143d92f="" class="metric-value">99.50%</span><span data-v-c143d92f="" class="metric-label">uptime</span></div>
        </div>
        <div data-v-64522201="" class="metric-row">
          <div data-v-c143d92f="" data-v-64522201="" class="metric"><span data-v-c143d92f="" class="dot metric-dot"></span> <span data-v-c143d92f="" class="metric-value">1M</span><span data-v-c143d92f="" class="metric-label">requests</span></div>
          <div data-v-c143d92f="" data-v-64522201="" class="metric"><span data-v-c143d92f="" class="dot metric-dot"></span> <span data-v-c143d92f="" class="metric-value">0.05%</span><span data-v-c143d92f="" class="metric-label">errors</span></div>
        </div>
      </div>
      <div data-v-64522201="" class="service-avatars">
        <div data-v-dad02320="" data-v-64522201="" class="avatar" style="background-color: rgb(224, 228, 234);"><img data-v-dad02320="" alt="Avatar" src="https://example.com/avatar1.jpg"></div>
      </div>
    </div>
  </div>
</div>"
`;

exports[`ServiceCard > Snapshot Tests > matches snapshot for unconfigured service 1`] = `
"<div data-v-ee47edc8="" data-v-64522201="" class="k-card service-card" aria-label="Open Test Service" role="button" tabindex="0">
  <div data-v-ee47edc8="" class="card-header">
    <div data-v-ee47edc8="" class="card-title">
      <div data-v-64522201="" class="card-header">
        <div data-v-64522201="" class="status-badge"><span data-v-64522201="" class="kui-icon progress-icon" data-testid="kui-icon-wrapper-progress-icon" style="box-sizing: border-box; color: rgb(255, 196, 0); display: block; flex-shrink: 0; height: 24px; line-height: 0; width: 24px;"><svg data-testid="kui-icon-svg-progress-icon" fill="none" height="100%" role="img" viewBox="0 0 24 24" width="100%" xmlns="http://www.w3.org/2000/svg"><style>@keyframes kong-icon-spin { from {transform: rotate(0deg);} to {transform: rotate(360deg);} }</style>
<path d="M12 22C10.6333 22 9.34167 21.7375 8.125 21.2125C6.90833 20.6875 5.84583 19.9708 4.9375 19.0625C4.02917 18.1542 3.3125 17.0917 2.7875 15.875C2.2625 14.6583 2 13.3667 2 12C2 10.6167 2.2625 9.32083 2.7875 8.1125C3.3125 6.90417 4.02917 5.84583 4.9375 4.9375C5.84583 4.02917 6.90833 3.3125 8.125 2.7875C9.34167 2.2625 10.6333 2 12 2C12.2833 2 12.5208 2.09583 12.7125 2.2875C12.9042 2.47917 13 2.71667 13 3C13 3.28333 12.9042 3.52083 12.7125 3.7125C12.5208 3.90417 12.2833 4 12 4C9.78333 4 7.89583 4.77917 6.3375 6.3375C4.77917 7.89583 4 9.78333 4 12C4 14.2167 4.77917 16.1042 6.3375 17.6625C7.89583 19.2208 9.78333 20 12 20C14.2167 20 16.1042 19.2208 17.6625 17.6625C19.2208 16.1042 20 14.2167 20 12C20 11.7167 20.0958 11.4792 20.2875 11.2875C20.4792 11.0958 20.7167 11 21 11C21.2833 11 21.5208 11.0958 21.7125 11.2875C21.9042 11.4792 22 11.7167 22 12C22 13.3667 21.7375 14.6583 21.2125 15.875C20.6875 17.0917 19.9708 18.1542 19.0625 19.0625C18.1542 19.9708 17.0958 20.6875 15.8875 21.2125C14.6792 21.7375 13.3833 22 12 22Z" fill="currentColor" style="transform-origin: 50% 50%; animation: kong-icon-spin 1.5s linear infinite;"></path></svg></span><span data-v-64522201="" class="status-text">Not configured with runtime yet</span></div>
        <div data-v-56e217c6="" data-v-64522201="" class="k-badge info medium">
          <div data-v-56e217c6="" class="badge-content">
            <!---->
            <div data-v-56e217c6="" class="badge-content-wrapper">1 Versions </div>
          </div>
        </div>
      </div>
    </div>
    <!---->
  </div>
  <div data-v-ee47edc8="" class="card-content">
    <div data-v-64522201="" class="card-content">
      <h1 data-v-64522201="" class="service-title">Test Service</h1>
      <p data-v-64522201="" class="service-description">Test Description</p>
    </div>
  </div>
  <div data-v-ee47edc8="" class="card-footer">
    <div data-v-64522201="" class="not-configured-message"><span data-v-64522201="" class="message-text"><span data-v-64522201="" class="dot"></span> Not configured with runtime yet</span></div>
  </div>
</div>"
`;

exports[`ServiceCard > Snapshot Tests > matches snapshot for unpublished service 1`] = `
"<div data-v-ee47edc8="" data-v-64522201="" class="k-card service-card" aria-label="Open Test Service" role="button" tabindex="0">
  <div data-v-ee47edc8="" class="card-header">
    <div data-v-ee47edc8="" class="card-title">
      <div data-v-64522201="" class="card-header">
        <div data-v-64522201="" class="status-badge"><span data-v-64522201="" class="kui-icon close-icon" data-testid="kui-icon-wrapper-close-icon" style="box-sizing: border-box; color: rgb(108, 116, 137); display: block; flex-shrink: 0; height: 24px; line-height: 0; width: 24px;"><svg data-testid="kui-icon-svg-close-icon" fill="none" height="100%" role="img" viewBox="0 0 24 24" width="100%" xmlns="http://www.w3.org/2000/svg"><path d="M6.4 19L5 17.6L10.6 12L5 6.4L6.4 5L12 10.6L17.6 5L19 6.4L13.4 12L19 17.6L17.6 19L12 13.4L6.4 19Z" fill="currentColor"></path></svg></span><span data-v-64522201="" class="status-text">Unpublished</span></div>
        <div data-v-56e217c6="" data-v-64522201="" class="k-badge info medium">
          <div data-v-56e217c6="" class="badge-content">
            <!---->
            <div data-v-56e217c6="" class="badge-content-wrapper">1 Versions </div>
          </div>
        </div>
      </div>
    </div>
    <!---->
  </div>
  <div data-v-ee47edc8="" class="card-content">
    <div data-v-64522201="" class="card-content">
      <h1 data-v-64522201="" class="service-title">Test Service</h1>
      <p data-v-64522201="" class="service-description">Test Description</p>
    </div>
  </div>
  <div data-v-ee47edc8="" class="card-footer">
    <div data-v-64522201="" class="additional-info">
      <div data-v-64522201="" class="metrics">
        <div data-v-64522201="" class="metric-row">
          <div data-v-c143d92f="" data-v-64522201="" class="metric"><span data-v-c143d92f="" class="dot metric-dot"></span> <span data-v-c143d92f="" class="metric-value">0.5</span><span data-v-c143d92f="" class="metric-label">latency</span></div>
        </div>
        <div data-v-64522201="" class="metric-row">
          <div data-v-c143d92f="" data-v-64522201="" class="metric"><span data-v-c143d92f="" class="dot metric-dot"></span> <span data-v-c143d92f="" class="metric-value">99.50%</span><span data-v-c143d92f="" class="metric-label">uptime</span></div>
        </div>
        <div data-v-64522201="" class="metric-row">
          <div data-v-c143d92f="" data-v-64522201="" class="metric"><span data-v-c143d92f="" class="dot metric-dot"></span> <span data-v-c143d92f="" class="metric-value">1M</span><span data-v-c143d92f="" class="metric-label">requests</span></div>
          <div data-v-c143d92f="" data-v-64522201="" class="metric"><span data-v-c143d92f="" class="dot metric-dot"></span> <span data-v-c143d92f="" class="metric-value">0.05%</span><span data-v-c143d92f="" class="metric-label">errors</span></div>
        </div>
      </div>
      <div data-v-64522201="" class="service-avatars">
        <div data-v-dad02320="" data-v-64522201="" class="avatar" style="background-color: rgb(224, 228, 234);"><img data-v-dad02320="" alt="Avatar" src="https://example.com/avatar1.jpg"></div>
      </div>
    </div>
  </div>
</div>"
`;
